// Jest Snapshot v1, https://goo.gl/fbAQLP

exports[`<Logo /> should render Logo 1`] = `
<div
  class="ui one column center aligned page grid"
>
  <div
    class="column twelve wide"
  >
    <a
      href="/"
    >
      <img
        alt="logo"
        src="/images/logo.svg"
      />
    </a>
  </div>
</div>
`;
